thread 'main' panicked at library/alloc/src/raw_vec.rs:620:5:
capacity overflow
