error[E0308]: mismatched types
  --> $DIR/unused-substs-3.rs:16:9
   |
LL |     t = foo;
   |         ^^^ cyclic type of infinite size
   |
help: try using a conversion method
   |
LL |     t = foo.to_vec();
   |            +++++++++
LL |     t = foo.to_vec_co();
   |            ++++++++++++

error: aborting due to previous error

For more information about this error, try `rustc --explain E0308`.
