error[E0308]: mismatched types
  --> $DIR/unused-substs-5.rs:15:9
   |
LL |     x = q::<_, N>(x);
   |         ^^^^^^^^^^^^ cyclic type of infinite size
   |
help: try using a conversion method
   |
LL |     x = q::<_, N>(x).to_vec();
   |                     +++++++++
LL |     x = q::<_, N>(x).to_vec_co();
   |                     ++++++++++++

error: aborting due to previous error

For more information about this error, try `rustc --explain E0308`.
